Frequently Asked Questions

copyright (c) 2016
asdf
